
Allocating common symbols
Common symbol       size              file

buttons             0x2               C:\users\greg\Temp\cc9azwlJ.o
level1              0x4               C:\users\greg\Temp\cc9azwlJ.o
enemyTable          0xc80             C:\users\greg\Temp\cc9azwlJ.o
vertexBuffer        0x4e20            C:\users\greg\Temp\cc9azwlJ.o
objectTable         0xc80             C:\users\greg\Temp\cc9azwlJ.o
laserTable          0x320             C:\users\greg\Temp\cc9azwlJ.o
cam                 0x90              C:\users\greg\Temp\cc9azwlJ.o

Memory Configuration

Name             Origin             Length             Attributes
wram             0x05000000         0x00010000         !r
rom              0x07000000         0x01000000         xr
*default*        0x00000000         0xffffffff

Linker script and memory map

LOAD c:/vbde/gccvb/bin/../lib/gcc/v810/4.4.2/../../../../v810/lib/crt0.o
LOAD C:\users\greg\Temp\cc9azwlJ.o
TARGET(elf32-v810)
                0x07000000                __text_start = 0x7000000
                0x05000000                __data_start = 0x5000000
                0x05008000                __gp = (__data_start + 0x8000)
                0x07000000                . = __text_start

.text           0x07000000     0x6938
 *(.text)
 .text          0x07000000      0x28e c:/vbde/gccvb/bin/../lib/gcc/v810/4.4.2/../../../../v810/lib/crt0.o
                0x07000000                start
                0x07000180                _inthnd
 *fill*         0x0700028e        0x2 ff
 .text          0x07000290     0x66a8 C:\users\greg\Temp\cc9azwlJ.o
                0x07000290                vbWaitFrame
                0x07000300                vbDisplayOn
                0x070004c8                vbDisplayOff
                0x07000540                vbDisplayShow
                0x0700058c                vbDisplayHide
                0x070005cc                vbFXFadeIn
                0x07000678                vbFXFadeOut
                0x0700072c                vbSetColTable
                0x0700084c                affine_clr_param
                0x070008d8                affine_scale
                0x07000ac4                affine_fast_scale
                0x07000bec                set_intlevel
                0x07000c10                get_intlevel
                0x07000c28                vbReadPad
                0x07000c94                vbPadKeyDown
                0x07000cf8                vbPadKeyUp
                0x07000d5c                copymem
                0x07000dbc                setmem
                0x07000e0c                addmem
                0x07000f70                cls
                0x07000f9c                vbTextOut
                0x07001044                vbPrint
                0x070011bc                vbSetObject
                0x070012b0                randseed
                0x0700134c                randnum
                0x07001364                vbSetWorld
                0x07001538                timer_enable
                0x070015b0                timer_get
                0x070015e4                timer_set
                0x0700162c                timer_freq
                0x070016a4                timer_int
                0x0700171c                timer_getstat
                0x0700173c                timer_clearstat
                0x0700176c                g3d_copyVector3d
                0x070017a8                g3d_scale
                0x07001864                g3d_rotateXAxis
                0x070018ec                g3d_rotateYAxis
                0x07001974                g3d_rotateZAxis
                0x070019fc                g3d_rotateAllAxis
                0x07001b84                g3d_translate
                0x07001bc8                g3d_cameraRotateAllAxis
                0x07001c44                g3d_cameraTranslate
                0x07001c88                g3d_renderVector3d
                0x07001e84                g3d_calculateProjection
                0x07001ef0                g3d_drawObject
                0x070020f8                g3d_renderObject
                0x070024a8                g3d_detectCollision
                0x070027a8                g3d_clipObject
                0x07002964                g3d_clipZAxis
                0x07002b20                drawPoint
                0x07002ca8                g3d_drawLine
                0x07002fc0                g3d_initObject
                0x070030c8                g3d_moveObject
                0x0700350c                g3d_moveCamera
                0x070038dc                main
                0x0700442c                ending
                0x070046b0                intro1
                0x0700498c                intro3
                0x07004b38                initEnemyTable
                0x07004b7c                initObjectTable
                0x07004bc0                doReadMapRow
                0x07005240                doLaserFire
                0x070054d8                doMoveEnemy
                0x070056e8                doGroundEffects
                0x07005824                timeHnd
                0x07005fec                handleInput
                0x07006420                initObjects
                0x070064d0                vbInit
                0x0700683c                screenControl
 *(.text.*)
 *(.gnu.warning)
 *(.gnu.linkonce.t*)
                0x07006938                __text_end = .

.rodata         0x07006938     0xab38
 *(.rodata)
 .rodata        0x07006938     0xab38 C:\users\greg\Temp\cc9azwlJ.o
                0x07006938                L_FRAME0
                0x0700693c                L_FRAME1
                0x07006940                R_FRAME0
                0x07006944                R_FRAME1
                0x07006948                BGMM
                0x0700694c                WAM
                0x07006950                CLMN_TBL
                0x07006954                OAM
                0x07006958                colTable
                0x070069d8                WAVEDATA1
                0x070069dc                WAVEDATA2
                0x070069e0                WAVEDATA3
                0x070069e4                WAVEDATA4
                0x070069e8                WAVEDATA5
                0x070069ec                MODDATA
                0x070069f0                SND_REGS
                0x070069f4                jump_addr
                0x07006a08                HW_REGS
                0x07006a0c                EXPANSION
                0x07006a10                WORKRAM
                0x07006a14                SAVERAM
                0x07006a18                nums
                0x07006a28                WA
                0x07006a2c                cosine
                0x07006fcc                sine
                0x0700756c                Letter_S
                0x070075e8                Letter_T
                0x07007634                Letter_A
                0x07007694                Letter_R
                0x0700771c                Letter_F
                0x0700777c                Letter_O
                0x070077d8                Letter_X
                0x07007824                Level1
                0x070078d8                Fighter
                0x07007a5c                Tree
                0x07007b84                Phantron
                0x07007dd0                Dart
                0x07007f64                GroundEffect
                0x07007f90                Building
                0x0700805c                Laser
                0x070080c8                HealthRing
                0x070081c4                ArwingPicture
                0x07008f14                ArwingPictureBGM
                0x07009b94                HitSound
                0x0700a2c0                LaserSound
                0x0700a576                onlyHopeSound
                0x0700f0e4                PVB_FONT
 *all.rodata*(*)
 *(.roda)
 *(.rodata.*)
 *(.gnu.linkonce.r*)
                0x07011470                __data_lma = .

.data           0x05000000       0x58 load address 0x07011470
 *(.data)
 .data          0x05000000        0x0 c:/vbde/gccvb/bin/../lib/gcc/v810/4.4.2/../../../../v810/lib/crt0.o
 .data          0x05000000       0x58 C:\users\greg\Temp\cc9azwlJ.o
                0x05000000                VIP_REGS
                0x05000004                currentFrameBuffer
                0x05000008                EnemyObjectDataTable
                0x05000010                StaticObjectDataTable
                0x05000018                movePath
                0x05000054                mapRowIdx
 *(.data.*)
 *(.gnu.linkonce.d*)

.sdata
 *(.sdata)
                0x05000058                __data_end = .

.sbss
 *(.sbss)
 *(.scommon)

.bss            0x05000058     0x6b48 load address 0x070114c8
 *(.dynbss)
 *(.bss)
 .bss           0x05000058        0x0 c:/vbde/gccvb/bin/../lib/gcc/v810/4.4.2/../../../../v810/lib/crt0.o
 .bss           0x05000058       0x70 C:\users\greg\Temp\cc9azwlJ.o
                0x05000058                oldkeydown
                0x0500005a                oldkeyup
                0x0500005c                tcr_val
                0x05000060                numVertices
                0x05000064                nextFrameBuffer
                0x05000068                frameSkip
                0x05000069                fireLaser
                0x0500006a                laserFrame
                0x0500006b                frameSkipCount
                0x0500006c                tick
                0x05000070                tickMax
                0x05000074                tickStart
                0x05000078                tickEnd
                0x0500007c                Channel1Pos
                0x0500007e                Channel1Max
                0x05000080                Channel1Play
                0x05000081                Channel1Nibble
                0x05000084                Channel1Data
                0x05000088                Channel2Pos
                0x0500008a                Channel2Max
                0x0500008c                Channel2Play
                0x0500008d                Channel2Nibble
                0x05000090                Channel2Data
                0x05000094                Channel3Pos
                0x05000096                Channel3Max
                0x05000098                Channel3Play
                0x05000099                Channel3Nibble
                0x0500009c                Channel3Data
                0x050000a0                Channel4Pos
                0x050000a2                Channel4Max
                0x050000a4                Channel4Play
                0x050000a5                Channel4Nibble
                0x050000a8                Channel4Data
                0x050000ac                Channel5Pos
                0x050000ae                Channel5Max
                0x050000b0                Channel5Play
                0x050000b1                Channel5Nibble
                0x050000b4                Channel5Data
                0x050000b8                movePathIdx
                0x050000b9                mapEnd
 *(COMMON)
 COMMON         0x050000c8     0x6ad8 C:\users\greg\Temp\cc9azwlJ.o
                0x050000c8                buttons
                0x050000cc                level1
                0x050000d0                enemyTable
                0x05000d50                vertexBuffer
                0x05005b70                objectTable
                0x050067f0                laserTable
                0x05006b10                cam
                0x070114c8                v = (__data_lma + (__data_end - __data_start))
                [0x0001ffff]                v = (v + 0x21f)
                [0x0001ffff]                v = (v & 0xffffff)
                [0x0001ffff]                v = (v | (v >> 0x1))
                [0x0001ffff]                v = (v | (v >> 0x2))
                [0x0001ffff]                v = (v | (v >> 0x4))
                [0x0001ffff]                v = (v | (v >> 0x8))
                [0x0001ffff]                v = (v | (v >> 0x10))
                0x0701ffff                __vectors_end = (__text_start + v)
                0x0701fde0                __vectors_lma = (__vectors_end - 0x21f)

.vectors        0x0701fde0      0x220
 *(.vectors)
 .vectors       0x0701fde0      0x220 c:/vbde/gccvb/bin/../lib/gcc/v810/4.4.2/../../../../v810/lib/crt0.o
                0x0701fde0                rom_header
OUTPUT(StarFox.o elf32-v810)

.comment        0x00000000       0x11
 .comment       0x00000000       0x11 C:\users\greg\Temp\cc9azwlJ.o
                                 0x12 (size before relaxing)
